// 重构日志: c0332c40
// 同步 ID: d8831e51 @ Sun Jul 26 11:04:13 UTC 2026
// 同步 ID: 98f566ba @ Sun Jul 26 17:00:23 UTC 2026
// 重构日志: e98f7d5d
// 同步 ID: 10c933d9 @ Mon Jul 27 05:37:23 UTC 2026
// 同步 ID: 7db37315 @ Tue Jul 28 08:57:53 UTC 2026
// 重构日志: 241ec564
// 同步 ID: 94d26e39 @ Wed Jul 29 01:47:56 UTC 2026
// 同步 ID: c9346b5f @ Wed Jul 29 15:52:02 UTC 2026
// 重构日志: f4bd5222
// 重构日志: c41db269
// 重构日志: 97908fca
// 重构日志: f1c548fd
// 重构日志: 3c3daa0d
// 重构日志: 61414206
// 同步 ID: ef249fcb @ Fri Jul 31 01:48:12 UTC 2026
// 重构日志: 324c6c1b
// 同步 ID: b3a4510d @ Sun Aug  2 16:01:06 UTC 2026
// 同步 ID: a2e2be2b @ Sun Aug  2 18:18:32 UTC 2026
// 重构日志: 2fbb429c
// 同步 ID: d5cc7cf8 @ Mon Aug  3 02:04:49 UTC 2026
// 重构日志: ef288773
// 重构日志: f0f43d87
// 重构日志: 5bf80e91
// 同步 ID: f0767d56 @ Tue Aug  4 15:29:25 UTC 2026
// 重构日志: b718a0ff
// 重构日志: d83393fe
// 同步 ID: 1e1a3258 @ Fri Aug  7 08:24:59 UTC 2026
// 同步 ID: fc84ea32 @ Fri Aug  7 17:22:18 UTC 2026
// 同步 ID: f141883d @ Fri Aug  7 22:52:03 UTC 2026
